WARNING: fp-lib-table file was not found. Component footprints are not available.
WARNING: fp-lib-table file was not found. Component footprints are not available.
WARNING: fp-lib-table file was not found. Component footprints are not available.
WARNING: Missing tag on R instantiated at /Users/spectrasynq/Workspace_Management/Software/K1.hardware/hardware/k1-lightwave/skidl/k1_motherboard_revA.py:80.
WARNING: Random tag fh_LC4VFmY generated for R.
WARNING: Missing tag on R instantiated at /Users/spectrasynq/Workspace_Management/Software/K1.hardware/hardware/k1-lightwave/skidl/k1_motherboard_revA.py:82.
WARNING: Random tag YH7SYGJhL1 generated for R.
WARNING: Missing tag on R instantiated at /Users/spectrasynq/Workspace_Management/Software/K1.hardware/hardware/k1-lightwave/skidl/k1_motherboard_revA.py:84.
WARNING: Random tag 0tWMBp6Im_ generated for R.
WARNING: Missing tag on R instantiated at /Users/spectrasynq/Workspace_Management/Software/K1.hardware/hardware/k1-lightwave/skidl/k1_motherboard_revA.py:91.
WARNING: Random tag tqn9RyS5pb generated for R.
WARNING: Missing tag on R instantiated at /Users/spectrasynq/Workspace_Management/Software/K1.hardware/hardware/k1-lightwave/skidl/k1_motherboard_revA.py:97.
WARNING: Random tag YbGh49M3E8 generated for R.
WARNING: Missing tag on USB_C_Receptacle_USB2.0_14P instantiated at /Users/spectrasynq/Workspace_Management/Software/K1.hardware/hardware/k1-lightwave/skidl/k1_motherboard_revA.py:112.
WARNING: Random tag JuDziTUPSp generated for USB_C_Receptacle_USB2.0_14P.
WARNING: Missing tag on R instantiated at /Users/spectrasynq/Workspace_Management/Software/K1.hardware/hardware/k1-lightwave/skidl/k1_motherboard_revA.py:114.
WARNING: Random tag 9jH92flQDj generated for R.
WARNING: Missing tag on R instantiated at /Users/spectrasynq/Workspace_Management/Software/K1.hardware/hardware/k1-lightwave/skidl/k1_motherboard_revA.py:116.
WARNING: Random tag mpf1hajjfo generated for R.
WARNING: Missing tag on Fuse instantiated at /Users/spectrasynq/Workspace_Management/Software/K1.hardware/hardware/k1-lightwave/skidl/k1_motherboard_revA.py:126.
WARNING: Random tag 3XHaX7Q6HN generated for Fuse.
WARNING: Missing tag on D_TVS instantiated at /Users/spectrasynq/Workspace_Management/Software/K1.hardware/hardware/k1-lightwave/skidl/k1_motherboard_revA.py:137.
WARNING: Random tag MsEpqdkh16 generated for D_TVS.
WARNING: Missing tag on D_TVS instantiated at /Users/spectrasynq/Workspace_Management/Software/K1.hardware/hardware/k1-lightwave/skidl/k1_motherboard_revA.py:139.
WARNING: Random tag x3HgSipUpR generated for D_TVS.
WARNING: Missing tag on D_TVS instantiated at /Users/spectrasynq/Workspace_Management/Software/K1.hardware/hardware/k1-lightwave/skidl/k1_motherboard_revA.py:141.
WARNING: Random tag ICVF8SKg4h generated for D_TVS.
WARNING: Missing tag on D_TVS instantiated at /Users/spectrasynq/Workspace_Management/Software/K1.hardware/hardware/k1-lightwave/skidl/k1_motherboard_revA.py:143.
WARNING: Random tag 6NipqEvzFa generated for D_TVS.
WARNING: Missing tag on R instantiated at /Users/spectrasynq/Workspace_Management/Software/K1.hardware/hardware/k1-lightwave/skidl/k1_motherboard_revA.py:154.
WARNING: Random tag egFE5ue7pu generated for R.
WARNING: Missing tag on R instantiated at /Users/spectrasynq/Workspace_Management/Software/K1.hardware/hardware/k1-lightwave/skidl/k1_motherboard_revA.py:156.
WARNING: Random tag LO22FgtSjN generated for R.
WARNING: Missing tag on C instantiated at /Users/spectrasynq/Workspace_Management/Software/K1.hardware/hardware/k1-lightwave/skidl/k1_motherboard_revA.py:176.
WARNING: Random tag nkayK81eul generated for C.
WARNING: Missing tag on C instantiated at /Users/spectrasynq/Workspace_Management/Software/K1.hardware/hardware/k1-lightwave/skidl/k1_motherboard_revA.py:178.
WARNING: Random tag wEq4WmKb0q generated for C.
WARNING: Missing tag on Conn_01x02_Pin instantiated at /Users/spectrasynq/Workspace_Management/Software/K1.hardware/hardware/k1-lightwave/skidl/k1_motherboard_revA.py:185.
WARNING: Random tag Zrxu1eQJPg generated for Conn_01x02_Pin.
WARNING: Missing tag on D instantiated at /Users/spectrasynq/Workspace_Management/Software/K1.hardware/hardware/k1-lightwave/skidl/k1_motherboard_revA.py:197.
WARNING: Random tag WWU0w0S_ii generated for D.
WARNING: Missing tag on R instantiated at /Users/spectrasynq/Workspace_Management/Software/K1.hardware/hardware/k1-lightwave/skidl/k1_motherboard_revA.py:207.
WARNING: Random tag bhEXnQ7r1n generated for R.
WARNING: Missing tag on C instantiated at /Users/spectrasynq/Workspace_Management/Software/K1.hardware/hardware/k1-lightwave/skidl/k1_motherboard_revA.py:220.
WARNING: Random tag WxdXdpiUH8 generated for C.
WARNING: Missing tag on R instantiated at /Users/spectrasynq/Workspace_Management/Software/K1.hardware/hardware/k1-lightwave/skidl/k1_motherboard_revA.py:226.
WARNING: Random tag iYmDZPWik5 generated for R.
WARNING: Missing tag on R instantiated at /Users/spectrasynq/Workspace_Management/Software/K1.hardware/hardware/k1-lightwave/skidl/k1_motherboard_revA.py:234.
WARNING: Random tag hUIMYO_xAP generated for R.
WARNING: Missing tag on Conn_01x03_Pin instantiated at /Users/spectrasynq/Workspace_Management/Software/K1.hardware/hardware/k1-lightwave/skidl/k1_motherboard_revA.py:239.
WARNING: Random tag VlX87O76ep generated for Conn_01x03_Pin.
WARNING: Missing tag on R instantiated at /Users/spectrasynq/Workspace_Management/Software/K1.hardware/hardware/k1-lightwave/skidl/k1_motherboard_revA.py:241.
WARNING: Random tag bVpnsWBrrW generated for R.
WARNING: Missing tag on D_TVS instantiated at /Users/spectrasynq/Workspace_Management/Software/K1.hardware/hardware/k1-lightwave/skidl/k1_motherboard_revA.py:243.
WARNING: Random tag qm7Nzlm_t5 generated for D_TVS.
WARNING: Missing tag on R instantiated at /Users/spectrasynq/Workspace_Management/Software/K1.hardware/hardware/k1-lightwave/skidl/k1_motherboard_revA.py:245.
WARNING: Random tag 78J1XFCmcs generated for R.
WARNING: Missing tag on Conn_01x03_Pin instantiated at /Users/spectrasynq/Workspace_Management/Software/K1.hardware/hardware/k1-lightwave/skidl/k1_motherboard_revA.py:239.
WARNING: Random tag coBCMC040U generated for Conn_01x03_Pin.
WARNING: Missing tag on R instantiated at /Users/spectrasynq/Workspace_Management/Software/K1.hardware/hardware/k1-lightwave/skidl/k1_motherboard_revA.py:241.
WARNING: Random tag ySsodjDna8 generated for R.
WARNING: Missing tag on D_TVS instantiated at /Users/spectrasynq/Workspace_Management/Software/K1.hardware/hardware/k1-lightwave/skidl/k1_motherboard_revA.py:243.
WARNING: Random tag gce9AXwMbX generated for D_TVS.
WARNING: Missing tag on R instantiated at /Users/spectrasynq/Workspace_Management/Software/K1.hardware/hardware/k1-lightwave/skidl/k1_motherboard_revA.py:245.
WARNING: Random tag hINTjnc3RV generated for R.
WARNING: Missing tag on Conn_01x03_Pin instantiated at /Users/spectrasynq/Workspace_Management/Software/K1.hardware/hardware/k1-lightwave/skidl/k1_motherboard_revA.py:239.
WARNING: Random tag _HK4SXF95s generated for Conn_01x03_Pin.
WARNING: Missing tag on R instantiated at /Users/spectrasynq/Workspace_Management/Software/K1.hardware/hardware/k1-lightwave/skidl/k1_motherboard_revA.py:241.
WARNING: Random tag ClkYWHiA0E generated for R.
WARNING: Missing tag on D_TVS instantiated at /Users/spectrasynq/Workspace_Management/Software/K1.hardware/hardware/k1-lightwave/skidl/k1_motherboard_revA.py:243.
WARNING: Random tag a6L3FfnJj7 generated for D_TVS.
WARNING: Missing tag on R instantiated at /Users/spectrasynq/Workspace_Management/Software/K1.hardware/hardware/k1-lightwave/skidl/k1_motherboard_revA.py:245.
WARNING: Random tag ZrBmiPq6DD generated for R.
WARNING: Missing tag on Conn_01x03_Pin instantiated at /Users/spectrasynq/Workspace_Management/Software/K1.hardware/hardware/k1-lightwave/skidl/k1_motherboard_revA.py:239.
WARNING: Random tag gaOaVEHqdi generated for Conn_01x03_Pin.
WARNING: Missing tag on R instantiated at /Users/spectrasynq/Workspace_Management/Software/K1.hardware/hardware/k1-lightwave/skidl/k1_motherboard_revA.py:241.
WARNING: Random tag l1SzeZG4fv generated for R.
WARNING: Missing tag on D_TVS instantiated at /Users/spectrasynq/Workspace_Management/Software/K1.hardware/hardware/k1-lightwave/skidl/k1_motherboard_revA.py:243.
WARNING: Random tag bMCWttiC2y generated for D_TVS.
WARNING: Missing tag on R instantiated at /Users/spectrasynq/Workspace_Management/Software/K1.hardware/hardware/k1-lightwave/skidl/k1_motherboard_revA.py:245.
WARNING: Random tag O6trxjgp2p generated for R.
WARNING: Missing tag on Conn_01x04_Pin instantiated at /Users/spectrasynq/Workspace_Management/Software/K1.hardware/hardware/k1-lightwave/skidl/k1_motherboard_revA.py:262.
WARNING: Random tag yu71bvvDPz generated for Conn_01x04_Pin.
WARNING: Missing tag on Conn_01x04_Pin instantiated at /Users/spectrasynq/Workspace_Management/Software/K1.hardware/hardware/k1-lightwave/skidl/k1_motherboard_revA.py:262.
WARNING: Random tag kBB_JEMgPP generated for Conn_01x04_Pin.
WARNING: Missing tag on Conn_01x04_Pin instantiated at /Users/spectrasynq/Workspace_Management/Software/K1.hardware/hardware/k1-lightwave/skidl/k1_motherboard_revA.py:262.
WARNING: Random tag sYPQdsAmQY generated for Conn_01x04_Pin.
WARNING: Missing tag on Conn_01x04_Pin instantiated at /Users/spectrasynq/Workspace_Management/Software/K1.hardware/hardware/k1-lightwave/skidl/k1_motherboard_revA.py:262.
WARNING: Random tag R_efM4qYh5 generated for Conn_01x04_Pin.
WARNING: Missing tag on 24LC256 instantiated at /Users/spectrasynq/Workspace_Management/Software/K1.hardware/hardware/k1-lightwave/skidl/k1_motherboard_revA.py:274.
WARNING: Random tag bU21BA3U8s generated for 24LC256.
WARNING: Missing tag on Conn_01x06_Pin instantiated at /Users/spectrasynq/Workspace_Management/Software/K1.hardware/hardware/k1-lightwave/skidl/k1_motherboard_revA.py:286.
WARNING: Random tag AWMCEvq_aS generated for Conn_01x06_Pin.
WARNING: Missing tag on Conn_01x06_Pin instantiated at /Users/spectrasynq/Workspace_Management/Software/K1.hardware/hardware/k1-lightwave/skidl/k1_motherboard_revA.py:286.
WARNING: Random tag I2Eu0OFwSR generated for Conn_01x06_Pin.
WARNING: Missing tag on R instantiated at /Users/spectrasynq/Workspace_Management/Software/K1.hardware/hardware/k1-lightwave/skidl/k1_motherboard_revA.py:307.
WARNING: Random tag DgRsvF1bmA generated for R.
WARNING: Missing tag on R instantiated at /Users/spectrasynq/Workspace_Management/Software/K1.hardware/hardware/k1-lightwave/skidl/k1_motherboard_revA.py:309.
WARNING: Random tag 46qVDNlzM5 generated for R.
WARNING: Missing tag on R instantiated at /Users/spectrasynq/Workspace_Management/Software/K1.hardware/hardware/k1-lightwave/skidl/k1_motherboard_revA.py:319.
WARNING: Random tag ozpC1IUF6R generated for R.
WARNING: Missing tag on R instantiated at /Users/spectrasynq/Workspace_Management/Software/K1.hardware/hardware/k1-lightwave/skidl/k1_motherboard_revA.py:323.
WARNING: Random tag dzEA9dCyF1 generated for R.
WARNING: Missing tag on R instantiated at /Users/spectrasynq/Workspace_Management/Software/K1.hardware/hardware/k1-lightwave/skidl/k1_motherboard_revA.py:325.
WARNING: Random tag sXl79hPzpL generated for R.
WARNING: Missing tag on R instantiated at /Users/spectrasynq/Workspace_Management/Software/K1.hardware/hardware/k1-lightwave/skidl/k1_motherboard_revA.py:327.
WARNING: Random tag Gr6DHvM_q0 generated for R.
WARNING: Missing tag on R instantiated at /Users/spectrasynq/Workspace_Management/Software/K1.hardware/hardware/k1-lightwave/skidl/k1_motherboard_revA.py:329.
WARNING: Random tag BkGr7r8RnK generated for R.
WARNING: Missing tag on R instantiated at /Users/spectrasynq/Workspace_Management/Software/K1.hardware/hardware/k1-lightwave/skidl/k1_motherboard_revA.py:342.
WARNING: Random tag bEV9SloaOG generated for R.
WARNING: Missing tag on Conn_01x06_Pin instantiated at /Users/spectrasynq/Workspace_Management/Software/K1.hardware/hardware/k1-lightwave/skidl/k1_motherboard_revA.py:350.
WARNING: Random tag ZVgWcabUWP generated for Conn_01x06_Pin.
WARNING: Missing tag on Conn_01x40_Pin instantiated at /Users/spectrasynq/Workspace_Management/Software/K1.hardware/hardware/k1-lightwave/skidl/k1_motherboard_revA.py:359.
WARNING: Random tag B7k2fz8Wok generated for Conn_01x40_Pin.
WARNING: Missing tag on Conn_01x40_Pin instantiated at /Users/spectrasynq/Workspace_Management/Software/K1.hardware/hardware/k1-lightwave/skidl/k1_motherboard_revA.py:386.
WARNING: Random tag Z3Wo_laPnd generated for Conn_01x40_Pin.
WARNING: Missing tag on R instantiated at /Users/spectrasynq/Workspace_Management/Software/K1.hardware/hardware/k1-lightwave/skidl/k1_motherboard_revA.py:407.
WARNING: Random tag Z843e4BwAv generated for R.
WARNING: Missing tag on C instantiated at /Users/spectrasynq/Workspace_Management/Software/K1.hardware/hardware/k1-lightwave/skidl/k1_motherboard_revA.py:409.
WARNING: Random tag KqP8FGUhfY generated for C.
WARNING: Missing tag on R instantiated at /Users/spectrasynq/Workspace_Management/Software/K1.hardware/hardware/k1-lightwave/skidl/k1_motherboard_revA.py:414.
WARNING: Random tag _zi6QfWPLt generated for R.
WARNING: Missing tag on R instantiated at /Users/spectrasynq/Workspace_Management/Software/K1.hardware/hardware/k1-lightwave/skidl/k1_motherboard_revA.py:417.
WARNING: Random tag CIjHmOXV_J generated for R.
WARNING: Missing tag on R instantiated at /Users/spectrasynq/Workspace_Management/Software/K1.hardware/hardware/k1-lightwave/skidl/k1_motherboard_revA.py:436.
WARNING: Random tag WKZHGpZVPC generated for R.
WARNING: Missing tag on R instantiated at /Users/spectrasynq/Workspace_Management/Software/K1.hardware/hardware/k1-lightwave/skidl/k1_motherboard_revA.py:439.
WARNING: Random tag omOjBDpilL generated for R.
WARNING: Missing tag on C instantiated at /Users/spectrasynq/Workspace_Management/Software/K1.hardware/hardware/k1-lightwave/skidl/k1_motherboard_revA.py:454.
WARNING: Random tag yZeyDrmPrI generated for C.
WARNING: Missing tag on C instantiated at /Users/spectrasynq/Workspace_Management/Software/K1.hardware/hardware/k1-lightwave/skidl/k1_motherboard_revA.py:456.
WARNING: Random tag h51CUrdnVH generated for C.
WARNING: Missing tag on  instantiated at /Users/spectrasynq/Workspace_Management/Software/K1.hardware/<frozen importlib._bootstrap>:488.
INFO: 134 warnings found while generating netlist.
INFO: 0 errors found while generating netlist.

