[21:00:31] INFO:

[21:00:31] INFO: ╔════════════════════════════════════════════════════════════╗
[21:00:31] INFO: ║   ELITE PCB DESIGNER AGENT - K1 LIGHTWAVE                 ║
[21:00:31] INFO: ║   Netlist → Manufacturing-Ready in <30 minutes            ║
[21:00:31] INFO: ╚════════════════════════════════════════════════════════════╝
[21:00:31] INFO:

[21:00:31] INFO: ============================================================
[21:00:31] INFO: PHASE 1: DESIGN PREPARATION
[21:00:31] INFO: ============================================================
[21:00:31] INFO: Using real DesignPreparation module...
[21:00:31] ERROR: Phase 1 execution failed
[21:00:31] INFO: ============================================================
[21:00:31] INFO: PHASE 2: COMPONENT PLACEMENT
[21:00:31] INFO: ============================================================
[21:00:31] INFO: Using real ComponentPlacement module...
[21:00:31] INFO: ✓ Phase 2 completed successfully
[21:00:31] INFO: ============================================================
[21:00:31] INFO: PHASE 3: AUTOMATED ROUTING
[21:00:31] INFO: ============================================================
[21:00:31] INFO: Using real AutomatedRouting module...
[21:00:31] ERROR: Phase 3 execution failed
[21:00:31] INFO: ============================================================
[21:00:31] INFO: PHASE 4: DESIGN VALIDATION
[21:00:31] INFO: ============================================================
[21:00:31] INFO: Using real DesignValidation module...
[21:00:31] ERROR: Phase 4 failed: 'bool' object has no attribute 'value'
[21:00:31] ERROR: Traceback (most recent call last):
  File "/app/elite_pcb_designer.py", line 416, in _execute_phase_4
    success = phase4.execute()
              ^^^^^^^^^^^^^^^^
  File "/app/design_validation.py", line 1105, in execute
    summary = self.run_all_validations()
              ^^^^^^^^^^^^^^^^^^^^^^^^^^
  File "/app/design_validation.py", line 846, in run_all_validations
    print(f"  {drc_result}")
              ^^^^^^^^^^^^
  File "/app/design_validation.py", line 62, in __str__
    return f"{icon} {self.check_name}: {self.severity.value} - {self.message}"
                                        ^^^^^^^^^^^^^^^^^^^
AttributeError: 'bool' object has no attribute 'value'

[21:00:31] INFO: ✓ Report saved: k1_design_output/master_report.json
[21:00:31] INFO: ✓ Manufacturing files: k1_design_output/manufacturing/ (8 Gerber + 1 drill + 1 BOM)
[21:00:31] INFO: ============================================================
[21:00:31] INFO: ❌ ELITE PCB DESIGNER FAILED - SOME PHASES DID NOT COMPLETE
[21:00:31] INFO: ============================================================
[21:00:31] INFO:
Total execution time: 0 seconds
[21:00:31] INFO: Output directory: k1_design_output/
[21:00:31] INFO:
Phase Results:
[21:00:31] INFO:   ❌ FAILED - Phase 1
[21:00:31] INFO:     Status: FAIL, Error: execution failed
[21:00:31] INFO:   ✅ PASSED - Phase 2
[21:00:31] INFO:     Status: PASS, Implementation: real
[21:00:31] INFO:   ❌ FAILED - Phase 3
[21:00:31] INFO:     Status: FAIL, Error: execution failed
[21:00:31] INFO:   ❌ FAILED - Phase 4
[21:00:31] INFO:     Status: FAIL, Error: 'bool' object has no attribute 'value'
[21:00:31] INFO:
============================================================
[21:00:31] INFO: Status: ❌ EXECUTION FAILED
[21:00:31] INFO: Some phases did not complete successfully.
[21:00:31] INFO: Check errors above for details.
[21:00:31] INFO:
Files in output directory may be incomplete or empty.
[21:00:31] INFO: ============================================================
[21:00:31] INFO:

[21:03:33] INFO:

[21:03:33] INFO: ╔════════════════════════════════════════════════════════════╗
[21:03:33] INFO: ║   ELITE PCB DESIGNER AGENT - K1 LIGHTWAVE                 ║
[21:03:33] INFO: ║   Netlist → Manufacturing-Ready in <30 minutes            ║
[21:03:33] INFO: ╚════════════════════════════════════════════════════════════╝
[21:03:33] INFO:

[21:03:33] INFO: ============================================================
[21:03:33] INFO: PHASE 1: DESIGN PREPARATION
[21:03:33] INFO: ============================================================
[21:03:33] INFO: Using real DesignPreparation module...
[21:03:33] ERROR: Phase 1 execution failed
[21:03:33] INFO: ============================================================
[21:03:33] INFO: PHASE 2: COMPONENT PLACEMENT
[21:03:33] INFO: ============================================================
[21:03:33] INFO: Using real ComponentPlacement module...
[21:03:33] INFO: ✓ Phase 2 completed successfully
[21:03:33] INFO: ============================================================
[21:03:33] INFO: PHASE 3: AUTOMATED ROUTING
[21:03:33] INFO: ============================================================
[21:03:33] INFO: Using real AutomatedRouting module...
[21:03:33] ERROR: Phase 3 execution failed
[21:03:33] INFO: ============================================================
[21:03:33] INFO: PHASE 4: DESIGN VALIDATION
[21:03:33] INFO: ============================================================
[21:03:33] INFO: Using real DesignValidation module...
[21:03:33] ERROR: Phase 4 execution failed
[21:03:33] INFO: ✓ Report saved: k1_design_output/master_report.json
[21:03:33] INFO: ✓ Manufacturing files: k1_design_output/manufacturing/ (8 Gerber + 1 drill + 1 BOM)
[21:03:33] INFO: ============================================================
[21:03:33] INFO: ❌ ELITE PCB DESIGNER FAILED - SOME PHASES DID NOT COMPLETE
[21:03:33] INFO: ============================================================
[21:03:33] INFO:
Total execution time: 0 seconds
[21:03:33] INFO: Output directory: k1_design_output/
[21:03:33] INFO:
Phase Results:
[21:03:33] INFO:   ❌ FAILED - Phase 1
[21:03:33] INFO:     Status: FAIL, Error: execution failed
[21:03:33] INFO:   ✅ PASSED - Phase 2
[21:03:33] INFO:     Status: PASS, Implementation: real
[21:03:33] INFO:   ❌ FAILED - Phase 3
[21:03:33] INFO:     Status: FAIL, Error: execution failed
[21:03:33] INFO:   ❌ FAILED - Phase 4
[21:03:33] INFO:     Status: FAIL, Error: execution failed
[21:03:33] INFO:
============================================================
[21:03:33] INFO: Status: ❌ EXECUTION FAILED
[21:03:33] INFO: Some phases did not complete successfully.
[21:03:33] INFO: Check errors above for details.
[21:03:33] INFO:
Files in output directory may be incomplete or empty.
[21:03:33] INFO: ============================================================
[21:03:33] INFO:

[21:08:14] INFO:

[21:08:14] INFO: ╔════════════════════════════════════════════════════════════╗
[21:08:14] INFO: ║   ELITE PCB DESIGNER AGENT - K1 LIGHTWAVE                 ║
[21:08:14] INFO: ║   Netlist → Manufacturing-Ready in <30 minutes            ║
[21:08:14] INFO: ╚════════════════════════════════════════════════════════════╝
[21:08:14] INFO:

[21:08:14] INFO: ============================================================
[21:08:14] INFO: PHASE 1: DESIGN PREPARATION
[21:08:14] INFO: ============================================================
[21:08:14] INFO: Using real DesignPreparation module...
[21:08:14] ERROR: Phase 1 execution failed
[21:08:14] INFO: ============================================================
[21:08:14] INFO: PHASE 2: COMPONENT PLACEMENT
[21:08:14] INFO: ============================================================
[21:08:14] INFO: Using real ComponentPlacement module...
[21:08:14] INFO: ✓ Phase 2 completed successfully
[21:08:14] INFO: ============================================================
[21:08:14] INFO: PHASE 3: AUTOMATED ROUTING
[21:08:14] INFO: ============================================================
[21:08:14] INFO: Using real AutomatedRouting module...
[21:08:14] ERROR: Phase 3 execution failed
[21:08:14] INFO: ============================================================
[21:08:14] INFO: PHASE 4: DESIGN VALIDATION
[21:08:14] INFO: ============================================================
[21:08:14] INFO: Using real DesignValidation module...
[21:08:14] ERROR: Phase 4 execution failed
[21:08:14] INFO: ✓ Report saved: k1_design_output/master_report.json
[21:08:14] INFO: ✓ Manufacturing files: k1_design_output/manufacturing/ (8 Gerber + 1 drill + 1 BOM)
[21:08:14] INFO: ============================================================
[21:08:14] INFO: ❌ ELITE PCB DESIGNER FAILED - SOME PHASES DID NOT COMPLETE
[21:08:14] INFO: ============================================================
[21:08:14] INFO:
Total execution time: 0 seconds
[21:08:14] INFO: Output directory: k1_design_output/
[21:08:14] INFO:
Phase Results:
[21:08:14] INFO:   ❌ FAILED - Phase 1
[21:08:14] INFO:     Status: FAIL, Error: execution failed
[21:08:14] INFO:   ✅ PASSED - Phase 2
[21:08:14] INFO:     Status: PASS, Implementation: real
[21:08:14] INFO:   ❌ FAILED - Phase 3
[21:08:14] INFO:     Status: FAIL, Error: execution failed
[21:08:14] INFO:   ❌ FAILED - Phase 4
[21:08:14] INFO:     Status: FAIL, Error: execution failed
[21:08:14] INFO:
============================================================
[21:08:14] INFO: Status: ❌ EXECUTION FAILED
[21:08:14] INFO: Some phases did not complete successfully.
[21:08:14] INFO: Check errors above for details.
[21:08:14] INFO:
Files in output directory may be incomplete or empty.
[21:08:14] INFO: ============================================================
[21:08:14] INFO:

[21:09:10] INFO:

[21:09:10] INFO: ╔════════════════════════════════════════════════════════════╗
[21:09:10] INFO: ║   ELITE PCB DESIGNER AGENT - K1 LIGHTWAVE                 ║
[21:09:10] INFO: ║   Netlist → Manufacturing-Ready in <30 minutes            ║
[21:09:10] INFO: ╚════════════════════════════════════════════════════════════╝
[21:09:10] INFO:

[21:09:10] INFO: ============================================================
[21:09:10] INFO: PHASE 1: DESIGN PREPARATION
[21:09:10] INFO: ============================================================
[21:09:10] INFO: Using real DesignPreparation module...
[21:09:10] ERROR: Phase 1 execution failed
[21:09:10] INFO: ============================================================
[21:09:10] INFO: PHASE 2: COMPONENT PLACEMENT
[21:09:10] INFO: ============================================================
[21:09:10] INFO: Using real ComponentPlacement module...
[21:09:10] INFO: ✓ Phase 2 completed successfully
[21:09:10] INFO: ============================================================
[21:09:10] INFO: PHASE 3: AUTOMATED ROUTING
[21:09:10] INFO: ============================================================
[21:09:10] INFO: Using real AutomatedRouting module...
[21:09:10] INFO: ✓ Phase 3 completed successfully
[21:09:10] INFO: ============================================================
[21:09:10] INFO: PHASE 4: DESIGN VALIDATION
[21:09:10] INFO: ============================================================
[21:09:10] INFO: Using real DesignValidation module...
[21:09:10] ERROR: Phase 4 execution failed
[21:09:10] INFO: ✓ Report saved: k1_design_output/master_report.json
[21:09:10] INFO: ✓ Manufacturing files: k1_design_output/manufacturing/ (8 Gerber + 1 drill + 1 BOM)
[21:09:10] INFO: ============================================================
[21:09:10] INFO: ❌ ELITE PCB DESIGNER FAILED - SOME PHASES DID NOT COMPLETE
[21:09:10] INFO: ============================================================
[21:09:10] INFO:
Total execution time: 0 seconds
[21:09:10] INFO: Output directory: k1_design_output/
[21:09:10] INFO:
Phase Results:
[21:09:10] INFO:   ❌ FAILED - Phase 1
[21:09:10] INFO:     Status: FAIL, Error: execution failed
[21:09:10] INFO:   ✅ PASSED - Phase 2
[21:09:10] INFO:     Status: PASS, Implementation: real
[21:09:10] INFO:   ✅ PASSED - Phase 3
[21:09:10] INFO:     Status: PASS, Implementation: real
[21:09:10] INFO:   ❌ FAILED - Phase 4
[21:09:10] INFO:     Status: FAIL, Error: execution failed
[21:09:10] INFO:
============================================================
[21:09:10] INFO: Status: ❌ EXECUTION FAILED
[21:09:10] INFO: Some phases did not complete successfully.
[21:09:10] INFO: Check errors above for details.
[21:09:10] INFO:
Files in output directory may be incomplete or empty.
[21:09:10] INFO: ============================================================
[21:09:10] INFO:

[21:20:43] INFO:

[21:20:43] INFO: ╔════════════════════════════════════════════════════════════╗
[21:20:43] INFO: ║   ELITE PCB DESIGNER AGENT - K1 LIGHTWAVE                 ║
[21:20:43] INFO: ║   Netlist → Manufacturing-Ready in <30 minutes            ║
[21:20:43] INFO: ╚════════════════════════════════════════════════════════════╝
[21:20:43] INFO:

[21:20:43] INFO: ============================================================
[21:20:43] INFO: PHASE 1: DESIGN PREPARATION
[21:20:43] INFO: ============================================================
[21:20:43] INFO: Using real DesignPreparation module...
[21:23:00] INFO:

[21:23:00] INFO: ╔════════════════════════════════════════════════════════════╗
[21:23:00] INFO: ║   ELITE PCB DESIGNER AGENT - K1 LIGHTWAVE                 ║
[21:23:00] INFO: ║   Netlist → Manufacturing-Ready in <30 minutes            ║
[21:23:00] INFO: ╚════════════════════════════════════════════════════════════╝
[21:23:00] INFO:

[21:23:00] INFO: ============================================================
[21:23:00] INFO: PHASE 1: DESIGN PREPARATION
[21:23:00] INFO: ============================================================
[21:23:00] INFO: Using real DesignPreparation module...
[21:23:47] INFO:

[21:23:47] INFO: ╔════════════════════════════════════════════════════════════╗
[21:23:47] INFO: ║   ELITE PCB DESIGNER AGENT - K1 LIGHTWAVE                 ║
[21:23:47] INFO: ║   Netlist → Manufacturing-Ready in <30 minutes            ║
[21:23:47] INFO: ╚════════════════════════════════════════════════════════════╝
[21:23:47] INFO:

[21:23:47] INFO: ============================================================
[21:23:47] INFO: PHASE 1: DESIGN PREPARATION
[21:23:47] INFO: ============================================================
[21:23:47] INFO: Using real DesignPreparation module...
