WARNING: fp-lib-table file was not found. Component footprints are not available.
WARNING: fp-lib-table file was not found. Component footprints are not available.
WARNING: fp-lib-table file was not found. Component footprints are not available.
WARNING: Missing tag on R instantiated at /Users/spectrasynq/Workspace_Management/Software/K1.hardware/hardware/k1-lightwave/skidl/k1_motherboard_revA.py:80.
WARNING: Random tag IftcKqe03O generated for R.
WARNING: Missing tag on R instantiated at /Users/spectrasynq/Workspace_Management/Software/K1.hardware/hardware/k1-lightwave/skidl/k1_motherboard_revA.py:82.
WARNING: Random tag 4A_ikjy9TG generated for R.
WARNING: Missing tag on R instantiated at /Users/spectrasynq/Workspace_Management/Software/K1.hardware/hardware/k1-lightwave/skidl/k1_motherboard_revA.py:84.
WARNING: Random tag Ojm1jytVpb generated for R.
WARNING: Missing tag on R instantiated at /Users/spectrasynq/Workspace_Management/Software/K1.hardware/hardware/k1-lightwave/skidl/k1_motherboard_revA.py:91.
WARNING: Random tag DpwImi_qq2 generated for R.
WARNING: Missing tag on R instantiated at /Users/spectrasynq/Workspace_Management/Software/K1.hardware/hardware/k1-lightwave/skidl/k1_motherboard_revA.py:97.
WARNING: Random tag tcHo4zmYOc generated for R.
WARNING: Missing tag on USB_C_Receptacle_USB2.0_14P instantiated at /Users/spectrasynq/Workspace_Management/Software/K1.hardware/hardware/k1-lightwave/skidl/k1_motherboard_revA.py:112.
WARNING: Random tag 9aVmwGCZtl generated for USB_C_Receptacle_USB2.0_14P.
WARNING: Missing tag on R instantiated at /Users/spectrasynq/Workspace_Management/Software/K1.hardware/hardware/k1-lightwave/skidl/k1_motherboard_revA.py:114.
WARNING: Random tag 2Kv3MQEOFi generated for R.
WARNING: Missing tag on R instantiated at /Users/spectrasynq/Workspace_Management/Software/K1.hardware/hardware/k1-lightwave/skidl/k1_motherboard_revA.py:116.
WARNING: Random tag Wcj7PO3ifO generated for R.
WARNING: Missing tag on Fuse instantiated at /Users/spectrasynq/Workspace_Management/Software/K1.hardware/hardware/k1-lightwave/skidl/k1_motherboard_revA.py:126.
WARNING: Random tag XX0872TTm4 generated for Fuse.
WARNING: Missing tag on D_TVS instantiated at /Users/spectrasynq/Workspace_Management/Software/K1.hardware/hardware/k1-lightwave/skidl/k1_motherboard_revA.py:137.
WARNING: Random tag C0k5QYt1vg generated for D_TVS.
WARNING: Missing tag on D_TVS instantiated at /Users/spectrasynq/Workspace_Management/Software/K1.hardware/hardware/k1-lightwave/skidl/k1_motherboard_revA.py:139.
WARNING: Random tag 879YuPsVEu generated for D_TVS.
WARNING: Missing tag on D_TVS instantiated at /Users/spectrasynq/Workspace_Management/Software/K1.hardware/hardware/k1-lightwave/skidl/k1_motherboard_revA.py:141.
WARNING: Random tag 01Be44d6Pp generated for D_TVS.
WARNING: Missing tag on D_TVS instantiated at /Users/spectrasynq/Workspace_Management/Software/K1.hardware/hardware/k1-lightwave/skidl/k1_motherboard_revA.py:143.
WARNING: Random tag _jNUYNTvJf generated for D_TVS.
WARNING: Missing tag on R instantiated at /Users/spectrasynq/Workspace_Management/Software/K1.hardware/hardware/k1-lightwave/skidl/k1_motherboard_revA.py:154.
WARNING: Random tag sTfga9AhSx generated for R.
WARNING: Missing tag on R instantiated at /Users/spectrasynq/Workspace_Management/Software/K1.hardware/hardware/k1-lightwave/skidl/k1_motherboard_revA.py:156.
WARNING: Random tag GQlM4mfFE6 generated for R.
WARNING: Missing tag on C instantiated at /Users/spectrasynq/Workspace_Management/Software/K1.hardware/hardware/k1-lightwave/skidl/k1_motherboard_revA.py:176.
WARNING: Random tag N9tbnr8aaN generated for C.
WARNING: Missing tag on C instantiated at /Users/spectrasynq/Workspace_Management/Software/K1.hardware/hardware/k1-lightwave/skidl/k1_motherboard_revA.py:178.
WARNING: Random tag MC_1z4NtEc generated for C.
WARNING: Missing tag on Conn_01x02_Pin instantiated at /Users/spectrasynq/Workspace_Management/Software/K1.hardware/hardware/k1-lightwave/skidl/k1_motherboard_revA.py:185.
WARNING: Random tag kfwZQpXBKH generated for Conn_01x02_Pin.
WARNING: Missing tag on D instantiated at /Users/spectrasynq/Workspace_Management/Software/K1.hardware/hardware/k1-lightwave/skidl/k1_motherboard_revA.py:197.
WARNING: Random tag QpCAXoZGDF generated for D.
WARNING: Missing tag on R instantiated at /Users/spectrasynq/Workspace_Management/Software/K1.hardware/hardware/k1-lightwave/skidl/k1_motherboard_revA.py:207.
WARNING: Random tag CpqOO4jnlM generated for R.
WARNING: Missing tag on C instantiated at /Users/spectrasynq/Workspace_Management/Software/K1.hardware/hardware/k1-lightwave/skidl/k1_motherboard_revA.py:220.
WARNING: Random tag Di7_Y03uaH generated for C.
WARNING: Missing tag on R instantiated at /Users/spectrasynq/Workspace_Management/Software/K1.hardware/hardware/k1-lightwave/skidl/k1_motherboard_revA.py:226.
WARNING: Random tag vxsZFU0Pp6 generated for R.
WARNING: Missing tag on R instantiated at /Users/spectrasynq/Workspace_Management/Software/K1.hardware/hardware/k1-lightwave/skidl/k1_motherboard_revA.py:234.
WARNING: Random tag SR4Curpe8Y generated for R.
WARNING: Missing tag on Conn_01x03_Pin instantiated at /Users/spectrasynq/Workspace_Management/Software/K1.hardware/hardware/k1-lightwave/skidl/k1_motherboard_revA.py:239.
WARNING: Random tag kSKdUWSVJs generated for Conn_01x03_Pin.
WARNING: Missing tag on R instantiated at /Users/spectrasynq/Workspace_Management/Software/K1.hardware/hardware/k1-lightwave/skidl/k1_motherboard_revA.py:241.
WARNING: Random tag SAoQ1zvi3q generated for R.
WARNING: Missing tag on D_TVS instantiated at /Users/spectrasynq/Workspace_Management/Software/K1.hardware/hardware/k1-lightwave/skidl/k1_motherboard_revA.py:243.
WARNING: Random tag 2G7bkNQRU1 generated for D_TVS.
WARNING: Missing tag on R instantiated at /Users/spectrasynq/Workspace_Management/Software/K1.hardware/hardware/k1-lightwave/skidl/k1_motherboard_revA.py:245.
WARNING: Random tag EvFMo0XtKp generated for R.
WARNING: Missing tag on Conn_01x03_Pin instantiated at /Users/spectrasynq/Workspace_Management/Software/K1.hardware/hardware/k1-lightwave/skidl/k1_motherboard_revA.py:239.
WARNING: Random tag hm5GgSVVnp generated for Conn_01x03_Pin.
WARNING: Missing tag on R instantiated at /Users/spectrasynq/Workspace_Management/Software/K1.hardware/hardware/k1-lightwave/skidl/k1_motherboard_revA.py:241.
WARNING: Random tag 18I6_6n3BZ generated for R.
WARNING: Missing tag on D_TVS instantiated at /Users/spectrasynq/Workspace_Management/Software/K1.hardware/hardware/k1-lightwave/skidl/k1_motherboard_revA.py:243.
WARNING: Random tag U6ooexiW97 generated for D_TVS.
WARNING: Missing tag on R instantiated at /Users/spectrasynq/Workspace_Management/Software/K1.hardware/hardware/k1-lightwave/skidl/k1_motherboard_revA.py:245.
WARNING: Random tag pmOgw8ytls generated for R.
WARNING: Missing tag on Conn_01x03_Pin instantiated at /Users/spectrasynq/Workspace_Management/Software/K1.hardware/hardware/k1-lightwave/skidl/k1_motherboard_revA.py:239.
WARNING: Random tag m2UGlJ5TiX generated for Conn_01x03_Pin.
WARNING: Missing tag on R instantiated at /Users/spectrasynq/Workspace_Management/Software/K1.hardware/hardware/k1-lightwave/skidl/k1_motherboard_revA.py:241.
WARNING: Random tag iPoOFjWXr9 generated for R.
WARNING: Missing tag on D_TVS instantiated at /Users/spectrasynq/Workspace_Management/Software/K1.hardware/hardware/k1-lightwave/skidl/k1_motherboard_revA.py:243.
WARNING: Random tag 6ThghTU6_2 generated for D_TVS.
WARNING: Missing tag on R instantiated at /Users/spectrasynq/Workspace_Management/Software/K1.hardware/hardware/k1-lightwave/skidl/k1_motherboard_revA.py:245.
WARNING: Random tag U_LO4VSKio generated for R.
WARNING: Missing tag on Conn_01x03_Pin instantiated at /Users/spectrasynq/Workspace_Management/Software/K1.hardware/hardware/k1-lightwave/skidl/k1_motherboard_revA.py:239.
WARNING: Random tag 0qIY13C7v3 generated for Conn_01x03_Pin.
WARNING: Missing tag on R instantiated at /Users/spectrasynq/Workspace_Management/Software/K1.hardware/hardware/k1-lightwave/skidl/k1_motherboard_revA.py:241.
WARNING: Random tag qHF4xXK0hD generated for R.
WARNING: Missing tag on D_TVS instantiated at /Users/spectrasynq/Workspace_Management/Software/K1.hardware/hardware/k1-lightwave/skidl/k1_motherboard_revA.py:243.
WARNING: Random tag S4RQuFDYNW generated for D_TVS.
WARNING: Missing tag on R instantiated at /Users/spectrasynq/Workspace_Management/Software/K1.hardware/hardware/k1-lightwave/skidl/k1_motherboard_revA.py:245.
WARNING: Random tag nLWGJz2gCE generated for R.
WARNING: Missing tag on Conn_01x04_Pin instantiated at /Users/spectrasynq/Workspace_Management/Software/K1.hardware/hardware/k1-lightwave/skidl/k1_motherboard_revA.py:262.
WARNING: Random tag Qr6zyVXmJS generated for Conn_01x04_Pin.
WARNING: Missing tag on Conn_01x04_Pin instantiated at /Users/spectrasynq/Workspace_Management/Software/K1.hardware/hardware/k1-lightwave/skidl/k1_motherboard_revA.py:262.
WARNING: Random tag hSUZLX3xGW generated for Conn_01x04_Pin.
WARNING: Missing tag on Conn_01x04_Pin instantiated at /Users/spectrasynq/Workspace_Management/Software/K1.hardware/hardware/k1-lightwave/skidl/k1_motherboard_revA.py:262.
WARNING: Random tag eN6Ev957ev generated for Conn_01x04_Pin.
WARNING: Missing tag on Conn_01x04_Pin instantiated at /Users/spectrasynq/Workspace_Management/Software/K1.hardware/hardware/k1-lightwave/skidl/k1_motherboard_revA.py:262.
WARNING: Random tag Z7J4EWJiHT generated for Conn_01x04_Pin.
WARNING: Missing tag on 24LC256 instantiated at /Users/spectrasynq/Workspace_Management/Software/K1.hardware/hardware/k1-lightwave/skidl/k1_motherboard_revA.py:274.
WARNING: Random tag TBSmgXu6fO generated for 24LC256.
WARNING: Missing tag on Conn_01x06_Pin instantiated at /Users/spectrasynq/Workspace_Management/Software/K1.hardware/hardware/k1-lightwave/skidl/k1_motherboard_revA.py:286.
WARNING: Random tag S8Vw3PsAWc generated for Conn_01x06_Pin.
WARNING: Missing tag on Conn_01x06_Pin instantiated at /Users/spectrasynq/Workspace_Management/Software/K1.hardware/hardware/k1-lightwave/skidl/k1_motherboard_revA.py:286.
WARNING: Random tag 3pER4ArUV2 generated for Conn_01x06_Pin.
WARNING: Missing tag on R instantiated at /Users/spectrasynq/Workspace_Management/Software/K1.hardware/hardware/k1-lightwave/skidl/k1_motherboard_revA.py:307.
WARNING: Random tag eWkzVRvwdw generated for R.
WARNING: Missing tag on R instantiated at /Users/spectrasynq/Workspace_Management/Software/K1.hardware/hardware/k1-lightwave/skidl/k1_motherboard_revA.py:309.
WARNING: Random tag _TgdEGChjh generated for R.
WARNING: Missing tag on R instantiated at /Users/spectrasynq/Workspace_Management/Software/K1.hardware/hardware/k1-lightwave/skidl/k1_motherboard_revA.py:319.
WARNING: Random tag gyotd9xhmw generated for R.
WARNING: Missing tag on R instantiated at /Users/spectrasynq/Workspace_Management/Software/K1.hardware/hardware/k1-lightwave/skidl/k1_motherboard_revA.py:323.
WARNING: Random tag ID1YZ7DcXH generated for R.
WARNING: Missing tag on R instantiated at /Users/spectrasynq/Workspace_Management/Software/K1.hardware/hardware/k1-lightwave/skidl/k1_motherboard_revA.py:325.
WARNING: Random tag 8qEiIhfIBo generated for R.
WARNING: Missing tag on R instantiated at /Users/spectrasynq/Workspace_Management/Software/K1.hardware/hardware/k1-lightwave/skidl/k1_motherboard_revA.py:327.
WARNING: Random tag j59MZj72vr generated for R.
WARNING: Missing tag on R instantiated at /Users/spectrasynq/Workspace_Management/Software/K1.hardware/hardware/k1-lightwave/skidl/k1_motherboard_revA.py:329.
WARNING: Random tag 62L0HA8K9U generated for R.
WARNING: Missing tag on R instantiated at /Users/spectrasynq/Workspace_Management/Software/K1.hardware/hardware/k1-lightwave/skidl/k1_motherboard_revA.py:342.
WARNING: Random tag GH_k28VvlC generated for R.
WARNING: Missing tag on Conn_01x06_Pin instantiated at /Users/spectrasynq/Workspace_Management/Software/K1.hardware/hardware/k1-lightwave/skidl/k1_motherboard_revA.py:350.
WARNING: Random tag t7iGZ3kZti generated for Conn_01x06_Pin.
WARNING: Missing tag on Conn_01x40_Pin instantiated at /Users/spectrasynq/Workspace_Management/Software/K1.hardware/hardware/k1-lightwave/skidl/k1_motherboard_revA.py:359.
WARNING: Random tag PcQKT4e6xE generated for Conn_01x40_Pin.
WARNING: Missing tag on Conn_01x40_Pin instantiated at /Users/spectrasynq/Workspace_Management/Software/K1.hardware/hardware/k1-lightwave/skidl/k1_motherboard_revA.py:386.
WARNING: Random tag ZbHaKNSqY5 generated for Conn_01x40_Pin.
WARNING: Missing tag on R instantiated at /Users/spectrasynq/Workspace_Management/Software/K1.hardware/hardware/k1-lightwave/skidl/k1_motherboard_revA.py:407.
WARNING: Random tag iozJewNRdE generated for R.
WARNING: Missing tag on C instantiated at /Users/spectrasynq/Workspace_Management/Software/K1.hardware/hardware/k1-lightwave/skidl/k1_motherboard_revA.py:409.
WARNING: Random tag fUcCh9BfUA generated for C.
WARNING: Missing tag on R instantiated at /Users/spectrasynq/Workspace_Management/Software/K1.hardware/hardware/k1-lightwave/skidl/k1_motherboard_revA.py:414.
WARNING: Random tag 0vOeq7cxVT generated for R.
WARNING: Missing tag on R instantiated at /Users/spectrasynq/Workspace_Management/Software/K1.hardware/hardware/k1-lightwave/skidl/k1_motherboard_revA.py:417.
WARNING: Random tag u6s5fzvPDS generated for R.
WARNING: Missing tag on R instantiated at /Users/spectrasynq/Workspace_Management/Software/K1.hardware/hardware/k1-lightwave/skidl/k1_motherboard_revA.py:436.
WARNING: Random tag UDumJdYCPh generated for R.
WARNING: Missing tag on R instantiated at /Users/spectrasynq/Workspace_Management/Software/K1.hardware/hardware/k1-lightwave/skidl/k1_motherboard_revA.py:439.
WARNING: Random tag NpsqHNxr0X generated for R.
WARNING: Missing tag on C instantiated at /Users/spectrasynq/Workspace_Management/Software/K1.hardware/hardware/k1-lightwave/skidl/k1_motherboard_revA.py:454.
WARNING: Random tag 3S8tDykN6w generated for C.
WARNING: Missing tag on C instantiated at /Users/spectrasynq/Workspace_Management/Software/K1.hardware/hardware/k1-lightwave/skidl/k1_motherboard_revA.py:456.
WARNING: Random tag PU4UxXqc2F generated for C.
WARNING: Missing tag on  instantiated at /Users/spectrasynq/Workspace_Management/Software/K1.hardware/hardware/k1-lightwave/<frozen importlib._bootstrap>:488.
INFO: 134 warnings found while generating netlist.
INFO: 0 errors found while generating netlist.

